// Jest Snapshot v1, https://goo.gl/fbAQLP

exports[`Layout components 1`] = `
<div
  className="ui segment loading-block"
>
  <div
    className="ui active dimmer"
  >
    <div
      className="ui text loader"
    >
      Loading
    </div>
  </div>
</div>
`;

exports[`List components 1`] = `
<div
  className="ui black segment View"
>
  <table
    className="ui celled table List"
  >
    <thead
      className=""
    >
      <tr
        className=""
      >
        <th
          className=""
        >
          #/ID
        </th>
        <th
          className=""
        >
          TITLE
        </th>
        <th
          className=""
        >
          ACTION
        </th>
      </tr>
    </thead>
    <tbody
      className=""
    >
      <tr
        className=""
      >
        <td
          className=""
        >
          z8iuy0EMvrPFhklq
        </td>
        <td
          className=""
        >
          get 99% discount
        </td>
        <td
          className=""
        >
          <button
            className="ui black button action-btn"
            id="_id:z8iuy0EMvrPFhklq:String"
            onClick={[Function]}
            type="submit"
          >
            view
          </button>
          <button
            className="ui black disabled button action-btn"
            disabled={true}
            id="_id:z8iuy0EMvrPFhklq:String"
            onClick={[Function]}
            tabIndex={-1}
            type="submit"
          >
            remove
          </button>
        </td>
      </tr>
    </tbody>
    <tfoot
      className=""
    >
      <tr
        className=""
      >
        <th
          className=""
          colSpan="3"
        >
          <button
            className="ui black button add-btn"
            onClick={[Function]}
            type="submit"
          >
            add new
          </button>
          <div
            className="ui pagination right floated menu"
          >
            <a
              className="icon item"
              onClick={[Function]}
            >
              <i
                aria-hidden="true"
                className="left chevron disabled icon"
                onClick={[Function]}
              />
            </a>
            <a
              className="icon item"
              onClick={[Function]}
            >
              <i
                aria-hidden="true"
                className="right chevron disabled icon"
                onClick={[Function]}
              />
            </a>
          </div>
        </th>
      </tr>
    </tfoot>
  </table>
</div>
`;

exports[`SideMenu components 1`] = `
<div
  className="ui one column grid SideMenuWrapper"
>
  <div
    className="computer only column ui inverted pointing vertical SideMenu menu"
  >
    <a
      className="active item"
      id="product"
      onClick={[Function]}
    >
      product
    </a>
    <a
      className="item"
      id="coupon"
      onClick={[Function]}
    >
      coupon
    </a>
    <a
      className="item"
      id="category"
      onClick={[Function]}
    >
      category
    </a>
    <a
      className="item"
      id="customer"
      onClick={[Function]}
    >
      customer
    </a>
  </div>
  <div
    className="mobile only tablet only sixteen wide column"
  >
    <div
      aria-expanded={false}
      className="ui button floating labeled dropdown icon mobile-nav"
      onBlur={[Function]}
      onChange={[Function]}
      onClick={[Function]}
      onFocus={[Function]}
      onKeyDown={[Function]}
      onMouseDown={[Function]}
      role="listbox"
      tabIndex={0}
    >
      <div
        aria-atomic={true}
        aria-live="polite"
        className="divider text"
        role="alert"
      >
        NAVIGATION MENU
      </div>
      <i
        aria-hidden="true"
        className="dropdown icon"
        onClick={[Function]}
      />
      <div
        className="menu transition"
      >
        <div
          className="item"
          onClick={[Function]}
          role="option"
        >
          <span
            className="text"
          >
            product
          </span>
        </div>
        <div
          className="item"
          onClick={[Function]}
          role="option"
        >
          <span
            className="text"
          >
            coupon
          </span>
        </div>
        <div
          className="item"
          onClick={[Function]}
          role="option"
        >
          <span
            className="text"
          >
            category
          </span>
        </div>
        <div
          className="item"
          onClick={[Function]}
          role="option"
        >
          <span
            className="text"
          >
            customer
          </span>
        </div>
      </div>
    </div>
  </div>
</div>
`;

exports[`View components 1`] = `
<div>
  <div
    className="ui black segment View"
  >
    <div
      className="btn-row"
    >
      <button
        className="ui black button"
        onClick={[Function]}
        type="submit"
      >
        add new
      </button>
      <button
        className="ui black button"
        onClick={[Function]}
        type="submit"
      >
        save
      </button>
      <button
        className="ui black disabled button"
        disabled={true}
        id="_id:z8iuy0EMvrPFhklq:String"
        onClick={[Function]}
        tabIndex={-1}
        type="submit"
      >
        remove
      </button>
    </div>
    <form
      className="ui form ui grid"
      onSubmit={[Function]}
    >
      <div
        className="two column row"
      >
        <div
          className="eight wide computer sixteen wide mobile column"
        >
          <div
            className="field"
          >
            <label
              htmlFor="_id"
            >
              _id
            </label>
            <input
              aria-describedby={null}
              defaultChecked={false}
              defaultValue="z8iuy0EMvrPFhklq"
              disabled={false}
              id="_id"
              onInput={[Function]}
              placeholder="_id"
              type="text"
            />
          </div>
          <div
            className="field"
            defaultChecked={false}
            defaultValue=""
            id="couponCodes"
            onInput={[Function]}
            placeholder="couponCodes"
          />
          <div
            className="field"
          >
            <label
              htmlFor="description"
            >
              description
            </label>
            <input
              aria-describedby={null}
              defaultChecked={false}
              defaultValue="get 99% discount"
              disabled={false}
              id="description"
              onInput={[Function]}
              placeholder="description"
              type="text"
            />
          </div>
          <div
            className="field"
          >
            <label
              htmlFor="discountAmount"
            >
              discountAmount
            </label>
            <input
              aria-describedby={null}
              defaultChecked={false}
              defaultValue={99}
              disabled={false}
              id="discountAmount"
              onInput={[Function]}
              placeholder="discountAmount"
              type="number"
            />
          </div>
        </div>
        <div
          className="eight wide computer sixteen wide mobile column"
        >
          <div
            className="field"
          >
            <label
              htmlFor="minimumAmount"
            >
              minimumAmount
            </label>
            <input
              aria-describedby={null}
              defaultChecked={false}
              defaultValue={1}
              disabled={false}
              id="minimumAmount"
              onInput={[Function]}
              placeholder="minimumAmount"
              type="number"
            />
          </div>
          <div
            className="field"
          >
            <label
              htmlFor="expirationDate"
            >
              expiration date
            </label>
            <input
              aria-describedby={null}
              defaultChecked={false}
              defaultValue="0NaN-aN-aN"
              disabled={false}
              id="expirationDate"
              onInput={[Function]}
              placeholder="expirationDate"
              type="date"
            />
          </div>
          <div
            className="disabled field"
          >
            <label
              htmlFor="createdAt"
            >
              createdAt
            </label>
            <input
              aria-describedby={null}
              defaultChecked={false}
              defaultValue="0NaN-aN-aN"
              disabled={true}
              id="createdAt"
              onInput={[Function]}
              placeholder="createdAt"
              type="date"
            />
          </div>
          <div
            className="field"
          >
            <label
              htmlFor="updatedAt"
            >
              updatedAt
            </label>
            <input
              aria-describedby={null}
              defaultChecked={false}
              defaultValue="0NaN-aN-aN"
              disabled={false}
              id="updatedAt"
              onInput={[Function]}
              placeholder="updatedAt"
              type="date"
            />
          </div>
        </div>
      </div>
      <div
        className="row"
      >
        <div
          className="column"
        >
          <div
            className="ui container"
          />
        </div>
      </div>
      <div
        className="row"
      />
    </form>
  </div>
</div>
`;
