// Jest Snapshot v1, https://goo.gl/fbAQLP

exports[`Layout components 1`] = `
<div
  className="ui segment loading-block"
>
  <div
    className="ui active dimmer"
  >
    <div
      className="ui text loader"
    >
      Loading
    </div>
  </div>
</div>
`;

exports[`List components 1`] = `
<div
  className="ui black segment View"
>
  <table
    className="ui celled table List"
  >
    <thead
      className=""
    >
      <tr
        className=""
      >
        <th
          className=""
        >
          #/ID
        </th>
        <th
          className=""
        >
          TITLE
        </th>
        <th
          className=""
        >
          ACTION
        </th>
      </tr>
    </thead>
    <tbody
      className=""
    >
      <tr
        className=""
      >
        <td
          className=""
        >
          z8iuy0EMvrPFhklq
        </td>
        <td
          className=""
        >
          get 99% discount
        </td>
        <td
          className=""
        >
          <button
            className="ui black button action-btn"
            disabled={undefined}
            id="_id:z8iuy0EMvrPFhklq:String"
            onClick={[Function]}
            role="button"
            tabIndex={undefined}
            type="submit"
          >
            view
          </button>
          <button
            className="ui black disabled button action-btn"
            disabled={true}
            id="_id:z8iuy0EMvrPFhklq:String"
            onClick={[Function]}
            role="button"
            tabIndex={-1}
            type="submit"
          >
            remove
          </button>
        </td>
      </tr>
    </tbody>
    <tfoot
      className=""
    >
      <tr
        className=""
      >
        <th
          className=""
          colSpan="3"
        >
          <button
            className="ui black button add-btn"
            disabled={undefined}
            onClick={[Function]}
            role="button"
            tabIndex={undefined}
            type="submit"
          >
            add new
          </button>
          <div
            className="ui pagination right floated menu"
          >
            <a
              className="icon item"
              onClick={[Function]}
            >
              <i
                aria-hidden="true"
                className="left chevron disabled icon"
              />
            </a>
            <a
              className="icon item"
              onClick={[Function]}
            >
              <i
                aria-hidden="true"
                className="right chevron disabled icon"
              />
            </a>
          </div>
        </th>
      </tr>
    </tfoot>
  </table>
</div>
`;

exports[`SideMenu components 1`] = `
<div
  className="ui one column grid SideMenuWrapper"
>
  <div
    className="computer only column ui inverted pointing vertical SideMenu menu"
  >
    <a
      className="active item"
      id="product"
      onClick={[Function]}
    >
      product
    </a>
    <a
      className="item"
      id="coupon"
      onClick={[Function]}
    >
      coupon
    </a>
    <a
      className="item"
      id="category"
      onClick={[Function]}
    >
      category
    </a>
    <a
      className="item"
      id="customer"
      onClick={[Function]}
    >
      customer
    </a>
    <a
      className="item github"
      href="https://github.com/sarkistlt/graphql-auto-generating-cms"
      onClick={[Function]}
      target="_blink"
    >
      <button
        className="ui inverted button"
        disabled={undefined}
        onClick={[Function]}
        role="button"
        tabIndex={undefined}
      >
        <i
          aria-hidden="true"
          className="github icon"
        />
        GitHub
      </button>
    </a>
  </div>
  <div
    aria-busy={undefined}
    aria-disabled={undefined}
    aria-expanded={false}
    aria-multiselectable={undefined}
    className="tablet only mobile only column ui button floating labeled dropdown icon mobile-nav"
    onBlur={[Function]}
    onChange={[Function]}
    onClick={[Function]}
    onFocus={[Function]}
    onMouseDown={[Function]}
    role="listbox"
    tabIndex={0}
  >
    <div
      aria-live="polite"
      className="text"
      role="alert"
    >
      NAVIGATION MENU
    </div>
    <i
      aria-hidden="true"
      className="dropdown icon"
      onClick={[Function]}
    />
    <div
      className="menu transition"
    >
      <div
        aria-checked={undefined}
        aria-disabled={undefined}
        aria-selected={undefined}
        className="item"
        onClick={[Function]}
        role="option"
      >
        <span
          className="text"
        >
          product
        </span>
      </div>
      <div
        aria-checked={undefined}
        aria-disabled={undefined}
        aria-selected={undefined}
        className="item"
        onClick={[Function]}
        role="option"
      >
        <span
          className="text"
        >
          coupon
        </span>
      </div>
      <div
        aria-checked={undefined}
        aria-disabled={undefined}
        aria-selected={undefined}
        className="item"
        onClick={[Function]}
        role="option"
      >
        <span
          className="text"
        >
          category
        </span>
      </div>
      <div
        aria-checked={undefined}
        aria-disabled={undefined}
        aria-selected={undefined}
        className="item"
        onClick={[Function]}
        role="option"
      >
        <span
          className="text"
        >
          customer
        </span>
      </div>
    </div>
  </div>
</div>
`;

exports[`View components 1`] = `
<div>
  <div
    className="ui black segment View"
  >
    <div
      className="btn-row"
    >
      <button
        className="ui black button"
        disabled={undefined}
        onClick={[Function]}
        role="button"
        tabIndex={undefined}
        type="submit"
      >
        add new
      </button>
      <button
        className="ui black button"
        disabled={undefined}
        onClick={[Function]}
        role="button"
        tabIndex={undefined}
        type="submit"
      >
        save
      </button>
      <button
        className="ui black disabled button"
        disabled={true}
        id="_id:z8iuy0EMvrPFhklq:String"
        onClick={[Function]}
        role="button"
        tabIndex={-1}
        type="submit"
      >
        remove
      </button>
    </div>
    <form
      action={undefined}
      className="ui form ui grid"
      onSubmit={[Function]}
    >
      <div
        className="two column row"
      >
        <div
          className="eight wide computer sixteen wide mobile column"
        >
          <div
            className="field"
          >
            <label
              htmlFor="_id"
            >
              _id
            </label>
            <input
              content={undefined}
              defaultChecked={false}
              defaultValue="z8iuy0EMvrPFhklq"
              disabled={false}
              id="_id"
              onInput={[Function]}
              placeholder="_id"
              required={undefined}
              type="text"
            />
          </div>
          <div
            className="field"
            defaultChecked={false}
            defaultValue=""
            id="couponCode"
            onInput={[Function]}
            placeholder="couponCode"
          />
          <div
            className="field"
          >
            <label
              htmlFor="description"
            >
              description
            </label>
            <input
              content={undefined}
              defaultChecked={false}
              defaultValue="get 99% discount"
              disabled={false}
              id="description"
              onInput={[Function]}
              placeholder="description"
              required={undefined}
              type="text"
            />
          </div>
          <div
            className="field"
          >
            <label
              htmlFor="discountAmount"
            >
              discountAmount
            </label>
            <input
              content={undefined}
              defaultChecked={false}
              defaultValue={99}
              disabled={false}
              id="discountAmount"
              onInput={[Function]}
              placeholder="discountAmount"
              required={undefined}
              type="number"
            />
          </div>
        </div>
        <div
          className="eight wide computer sixteen wide mobile column"
        >
          <div
            className="field"
          >
            <label
              htmlFor="minimumAmount"
            >
              minimumAmount
            </label>
            <input
              content={undefined}
              defaultChecked={false}
              defaultValue={1}
              disabled={false}
              id="minimumAmount"
              onInput={[Function]}
              placeholder="minimumAmount"
              required={undefined}
              type="number"
            />
          </div>
          <div
            className="field"
          >
            <label
              htmlFor="expirationDate"
            >
              expiration date
            </label>
            <input
              content={undefined}
              defaultChecked={false}
              defaultValue="0NaN-aN-aN"
              disabled={false}
              id="expirationDate"
              onInput={[Function]}
              placeholder="expirationDate"
              required={undefined}
              type="date"
            />
          </div>
          <div
            className="disabled field"
          >
            <label
              htmlFor="createdAt"
            >
              createdAt
            </label>
            <input
              content={undefined}
              defaultChecked={false}
              defaultValue="0NaN-aN-aN"
              disabled={true}
              id="createdAt"
              onInput={[Function]}
              placeholder="createdAt"
              required={undefined}
              type="date"
            />
          </div>
          <div
            className="field"
          >
            <label
              htmlFor="updatedAt"
            >
              updatedAt
            </label>
            <input
              content={undefined}
              defaultChecked={false}
              defaultValue="0NaN-aN-aN"
              disabled={false}
              id="updatedAt"
              onInput={[Function]}
              placeholder="updatedAt"
              required={undefined}
              type="date"
            />
          </div>
        </div>
      </div>
      <div
        className="row"
      >
        <div
          className="column"
        >
          <div
            className="ui container"
          />
        </div>
      </div>
      <div
        className="row"
      />
    </form>
  </div>
</div>
`;
